2026-04-20 20:05:37,023 | INFO     | ============================================================
2026-04-20 20:05:37,043 | INFO     |   Simulation DB Builder v3.0
2026-04-20 20:05:37,045 | INFO     |   Common Stocks Only | Multi-Exchange | Pre-computed
2026-04-20 20:05:37,048 | INFO     | ============================================================
2026-04-20 20:05:37,049 | INFO     | Step 1: Loading ticker lists
2026-04-20 20:05:37,226 | INFO     |   NASDAQ: 2,710 Common Stocks from 5,397
2026-04-20 20:05:37,228 | INFO     |     filtered 1,168 (etf)
2026-04-20 20:05:37,229 | INFO     |     filtered 7 (test)
2026-04-20 20:05:37,230 | INFO     |     filtered 1,182 (name)
2026-04-20 20:05:37,233 | INFO     |     filtered 329 (ticker)
2026-04-20 20:05:37,239 | INFO     |     filtered 1 (invalid)
2026-04-20 20:05:37,241 | INFO     |   Total: 2,710 unique Common Stocks
2026-04-20 20:05:37,242 | INFO     |     NASDAQ: 2,710
2026-04-20 20:05:37,245 | INFO     | Step 2: Download (2006-04-21 -> 2026-04-21)
2026-04-20 20:05:37,560 | INFO     |   To download: 2,710
2026-04-20 20:05:54,055 | INFO     |   [   1/55]    50/2,710 144,801 rows ETA 0:14:37 (16495ms)
2026-04-20 20:06:13,490 | INFO     |   [   2/55]   100/2,710 114,361 rows ETA 0:15:37 (16845ms)
2026-04-20 20:06:33,258 | INFO     |   [   3/55]   150/2,710 135,328 rows ETA 0:15:50 (16928ms)
2026-04-20 20:06:54,671 | INFO     |   [   4/55]   200/2,710 129,242 rows ETA 0:16:07 (19110ms)
2026-04-20 20:07:18,335 | INFO     |   [   5/55]   250/2,710 143,510 rows ETA 0:16:31 (21362ms)
2026-04-20 20:07:38,190 | INFO     |   [   6/55]   300/2,710 132,562 rows ETA 0:16:09 (18099ms)
2026-04-20 20:07:58,082 | INFO     |   [   7/55]   350/2,710 126,958 rows ETA 0:15:47 (17311ms)
2026-04-20 20:08:16,571 | INFO     |   [   8/55]   400/2,710 103,530 rows ETA 0:15:18 (16538ms)
2026-04-20 20:08:38,224 | INFO     |   [   9/55]   450/2,710 142,479 rows ETA 0:15:07 (19615ms)
2026-04-20 20:08:59,705 | INFO     |   [  10/55]   500/2,710 131,192 rows ETA 0:14:53 (18888ms)
2026-04-20 20:09:21,961 | INFO     |   [  11/55]   550/2,710 137,420 rows ETA 0:14:41 (19921ms)
2026-04-20 20:09:44,668 | INFO     |   [  12/55]   600/2,710 166,282 rows ETA 0:14:28 (20572ms)
2026-04-20 20:10:07,313 | INFO     |   [  13/55]   650/2,710 164,744 rows ETA 0:14:14 (20929ms)
2026-04-20 20:10:29,109 | INFO     |   [  14/55]   700/2,710 117,875 rows ETA 0:13:57 (19772ms)
2026-04-20 20:10:52,305 | INFO     |   [  15/55]   750/2,710 132,471 rows ETA 0:13:42 (20540ms)
2026-04-20 20:11:15,442 | INFO     |   [  16/55]   800/2,710 125,298 rows ETA 0:13:26 (21404ms)
2026-04-20 20:11:40,915 | INFO     |   [  17/55]   850/2,710 138,357 rows ETA 0:13:15 (23214ms)
2026-04-20 20:12:05,520 | INFO     |   [  18/55]   900/2,710 143,131 rows ETA 0:13:00 (22709ms)
2026-04-20 20:12:31,479 | INFO     |   [  19/55]   950/2,710 158,941 rows ETA 0:12:46 (23064ms)
2026-04-20 20:12:57,039 | INFO     |   [  20/55] 1,000/2,710 142,482 rows ETA 0:12:31 (23413ms)
2026-04-20 20:13:20,971 | INFO     |   [  21/55] 1,050/2,710 108,490 rows ETA 0:12:12 (21022ms)
2026-04-20 20:13:46,242 | INFO     |   [  22/55] 1,100/2,710 145,081 rows ETA 0:11:55 (23456ms)
2026-04-20 20:14:13,030 | INFO     |   [  23/55] 1,150/2,710 155,972 rows ETA 0:11:39 (24631ms)
2026-04-20 20:14:39,644 | INFO     |   [  24/55] 1,200/2,710 138,316 rows ETA 0:11:22 (24421ms)
2026-04-20 20:15:03,908 | INFO     |   [  25/55] 1,250/2,710 129,589 rows ETA 0:11:01 (21811ms)
2026-04-20 20:15:28,741 | INFO     |   [  26/55] 1,300/2,710 144,692 rows ETA 0:10:41 (22307ms)
2026-04-20 20:15:54,377 | INFO     |   [  27/55] 1,350/2,710 137,318 rows ETA 0:10:21 (24026ms)
2026-04-20 20:16:20,728 | INFO     |   [  28/55] 1,400/2,710 134,111 rows ETA 0:10:01 (23508ms)
2026-04-20 20:16:47,076 | INFO     |   [  29/55] 1,450/2,710 138,879 rows ETA 0:09:41 (23959ms)
2026-04-20 20:17:12,414 | INFO     |   [  30/55] 1,500/2,710 122,579 rows ETA 0:09:20 (23833ms)
2026-04-20 20:17:40,114 | INFO     |   [  31/55] 1,550/2,710 122,848 rows ETA 0:09:00 (25123ms)
2026-04-20 20:18:07,312 | INFO     |   [  32/55] 1,600/2,710 147,695 rows ETA 0:08:40 (24684ms)
2026-04-20 20:18:35,326 | INFO     |   [  33/55] 1,650/2,710 136,671 rows ETA 0:08:19 (25926ms)
2026-04-20 20:19:02,913 | INFO     |   [  34/55] 1,700/2,710 142,109 rows ETA 0:07:58 (25550ms)
2026-04-20 20:19:31,511 | INFO     |   [  35/55] 1,750/2,710 125,736 rows ETA 0:07:37 (25643ms)
2026-04-20 20:20:00,110 | INFO     |   [  36/55] 1,800/2,710 130,217 rows ETA 0:07:16 (26485ms)
2026-04-20 20:20:30,126 | INFO     |   [  37/55] 1,850/2,710 133,874 rows ETA 0:06:54 (27731ms)
2026-04-20 20:21:01,207 | INFO     |   [  38/55] 1,900/2,710 151,201 rows ETA 0:06:33 (28412ms)
2026-04-20 20:21:30,866 | INFO     |   [  39/55] 1,950/2,710 141,235 rows ETA 0:06:11 (26660ms)
2026-04-20 20:22:00,868 | INFO     |   [  40/55] 2,000/2,710 133,118 rows ETA 0:05:49 (28066ms)
2026-04-20 20:22:27,033 | INFO     |   [  41/55] 2,050/2,710 144,571 rows ETA 0:05:25 (23635ms)
2026-04-20 20:22:57,103 | INFO     |   [  42/55] 2,100/2,710 127,066 rows ETA 0:05:01 (27620ms)
2026-04-20 20:23:28,950 | INFO     |   [  43/55] 2,150/2,710 139,013 rows ETA 0:04:39 (29173ms)
2026-04-20 20:24:00,855 | INFO     |   [  44/55] 2,200/2,710 139,582 rows ETA 0:04:15 (28965ms)
2026-04-20 20:24:32,870 | INFO     |   [  45/55] 2,250/2,710 127,093 rows ETA 0:03:52 (30239ms)
2026-04-20 20:25:04,789 | INFO     |   [  46/55] 2,300/2,710 121,311 rows ETA 0:03:28 (28959ms)
2026-04-20 20:25:36,836 | INFO     |   [  47/55] 2,350/2,710 129,284 rows ETA 0:03:03 (29113ms)
2026-04-20 20:26:02,160 | INFO     |   [  48/55] 2,400/2,710 132,140 rows ETA 0:02:38 (22846ms)
2026-04-20 20:26:32,717 | INFO     |   [  49/55] 2,450/2,710 142,571 rows ETA 0:02:13 (27964ms)
2026-04-20 20:27:08,569 | INFO     |   [  50/55] 2,500/2,710 161,000 rows ETA 0:01:48 (33029ms)
2026-04-20 20:27:41,130 | INFO     |   [  51/55] 2,550/2,710 134,541 rows ETA 0:01:23 (30295ms)
2026-04-20 20:28:16,326 | INFO     |   [  52/55] 2,600/2,710 142,724 rows ETA 0:00:57 (32712ms)
2026-04-20 20:28:51,495 | INFO     |   [  53/55] 2,650/2,710 144,843 rows ETA 0:00:31 (33607ms)
2026-04-20 20:29:26,365 | INFO     |   [  54/55] 2,700/2,710 99,129 rows ETA 0:00:05 (32876ms)
2026-04-20 20:29:48,854 | INFO     |   [  55/55] 2,710/2,710 18,809 rows ETA 0:00:00 (19904ms)
2026-04-20 20:29:53,657 | INFO     | Step 3: Download indices
2026-04-20 20:29:53,658 | INFO     |   Downloading 8 indices...
2026-04-20 20:29:54,567 | INFO     |     OK ^GSPC: 5,030 rows
2026-04-20 20:29:57,122 | INFO     |     OK ^DJI: 5,030 rows
2026-04-20 20:29:59,836 | INFO     |     OK ^NDX: 5,030 rows
2026-04-20 20:30:02,244 | INFO     |     OK ^IXIC: 5,030 rows
2026-04-20 20:30:04,328 | INFO     |     OK ^RUT: 5,030 rows
2026-04-20 20:30:06,842 | INFO     |     OK ^VIX: 5,030 rows
2026-04-20 20:30:09,147 | INFO     |     OK HYG: 4,787 rows
2026-04-20 20:30:12,103 | ERROR    | HTTP Error 404: {"quoteSummary":{"result":null,"error":{"code":"Not Found","description":"Quote not found for symbol: ^PCALL"}}}
2026-04-20 20:30:12,560 | ERROR    | 
1 Failed download:
2026-04-20 20:30:12,562 | ERROR    | ['^PCALL']: YFTzMissingError('possibly delisted; no timezone found')
2026-04-20 20:30:13,502 | ERROR    | HTTP Error 404: {"quoteSummary":{"result":null,"error":{"code":"Not Found","description":"Quote not found for symbol: ^PCALL"}}}
2026-04-20 20:30:13,829 | ERROR    | 
1 Failed download:
2026-04-20 20:30:13,830 | ERROR    | ['^PCALL']: YFTzMissingError('possibly delisted; no timezone found')
2026-04-20 20:30:13,841 | ERROR    | 
1 Failed download:
2026-04-20 20:30:13,843 | ERROR    | ['^PCALL']: YFTzMissingError('possibly delisted; no timezone found')
2026-04-20 20:30:15,967 | INFO     |   Added 7 indices
2026-04-20 20:30:15,969 | INFO     | Step 6: Sector mapping
2026-04-20 20:30:16,046 | INFO     | Step 4: Computing indicators
2026-04-20 20:30:19,573 | INFO     |   -> Dollar_Volume_20d_Avg
2026-04-20 20:30:21,807 | INFO     |   -> Return_20d_Pct / 60d / 120d / 252d
2026-04-20 20:30:32,360 | INFO     |   -> Current_Daily_Return
2026-04-20 20:30:34,914 | INFO     |   -> RSI_14
2026-04-20 20:30:47,881 | INFO     |   -> Daily_Volatility_20d
2026-04-20 20:30:52,370 | INFO     |   -> ATR_14
2026-04-20 20:30:58,699 | INFO     |   Done
2026-04-20 20:30:59,106 | INFO     | Step 5: Macro + Market Regime
2026-04-20 20:31:00,183 | INFO     |   ^VIX: 5,030 rows
2026-04-20 20:31:01,154 | INFO     |   ^GSPC: 5,030 rows
2026-04-20 20:31:02,167 | INFO     |   HYG: 4,787 rows
2026-04-20 20:31:15,507 | INFO     |     bull      :  3,026,817 (41.2%)
2026-04-20 20:31:16,290 | INFO     |     bear      :  1,374,146 (18.7%)
2026-04-20 20:31:17,078 | INFO     |     sideways  :  2,953,409 (40.2%)
2026-04-20 20:31:21,152 | INFO     |   Fetching shares for 2,710 tickers (~45 min)
2026-04-20 20:34:25,235 | INFO     |     [  200/2,710] fail=0 (0.0%) ETA 0:38:30
2026-04-20 20:37:23,966 | INFO     |     [  400/2,710] fail=0 (0.0%) ETA 0:34:55
2026-04-20 20:40:27,951 | INFO     |     [  600/2,710] fail=0 (0.0%) ETA 0:32:02
2026-04-20 20:43:26,158 | INFO     |     [  800/2,710] fail=0 (0.0%) ETA 0:28:50
2026-04-20 20:46:37,942 | INFO     |     [1,000/2,710] fail=0 (0.0%) ETA 0:26:07
2026-04-20 20:49:39,980 | INFO     |     [1,200/2,710] fail=0 (0.0%) ETA 0:23:02
2026-04-20 20:52:44,578 | INFO     |     [1,400/2,710] fail=0 (0.0%) ETA 0:20:00
2026-04-20 20:55:47,335 | INFO     |     [1,600/2,710] fail=0 (0.0%) ETA 0:16:57
2026-04-20 20:59:06,474 | INFO     |     [1,800/2,710] fail=1 (0.1%) ETA 0:14:01
2026-04-20 21:02:06,558 | INFO     |     [2,000/2,710] fail=1 (0.1%) ETA 0:10:55
2026-04-20 21:05:07,780 | INFO     |     [2,200/2,710] fail=1 (0.0%) ETA 0:07:49
2026-04-20 21:08:09,244 | INFO     |     [2,400/2,710] fail=1 (0.0%) ETA 0:04:45
2026-04-20 21:11:10,752 | INFO     |     [2,600/2,710] fail=1 (0.0%) ETA 0:01:41
2026-04-20 21:12:51,202 | INFO     |   Shares done: 2,707/2,710 (99.9%) non-null, 1 errors
2026-04-20 21:12:52,151 | INFO     |   Market_Cap computed: 7,353,441 rows non-null
2026-04-20 21:12:52,152 | INFO     | Step 8: Finalize + Save
2026-04-20 21:13:12,798 | INFO     | Step 7: Validation
2026-04-20 21:13:14,557 | INFO     |   OK   Return_252d_Pct: 9.0% NaN
2026-04-20 21:13:15,445 | INFO     |   Tickers with <80% coverage: 0/2,710
2026-04-20 21:13:16,963 | INFO     |   AdjFactor >50% day jumps: 22
2026-04-20 21:13:16,984 | INFO     |   Zero-volume days: 5.28%
2026-04-20 21:13:40,175 | INFO     | ============================================================
2026-04-20 21:13:40,176 | INFO     |   simulation_db: simulation_db.parquet
2026-04-20 21:13:40,177 | INFO     |     Schema:    v3.0
2026-04-20 21:13:40,178 | INFO     |     Rows:         7,389,339
2026-04-20 21:13:40,178 | INFO     |     Stocks:           2,710
2026-04-20 21:13:40,179 | INFO     |     Indices:              7
2026-04-20 21:13:40,251 | INFO     |     Range:     2006-04-21 -> 2026-04-20
2026-04-20 21:13:40,255 | INFO     |     Size:           381.3 MB
2026-04-20 21:13:40,257 | INFO     |     Columns:   ['Date', 'Ticker', 'Sector', 'Industry', 'Exchange', 'Type', 'Open', 'High', 'Low', 'Close', 'Adj_Close', 'AdjFactor', 'Volume', 'Shares_Outstanding', 'Market_Cap', 'Dollar_Volume_20d_Avg', 'Return_20d_Pct', 'Return_60d_Pct', 'Return_120d_Pct', 'Return_252d_Pct', 'RSI_14', 'ATR_14', 'Daily_Volatility_20d', 'Current_Daily_Return', 'VIX_Close', 'SPY_Close', 'SPY_SMA_200', 'HYG_Close', 'HYG_SMA_20', 'Market_Regime']
2026-04-20 21:13:40,259 | INFO     | ============================================================
2026-04-20 21:13:40,272 | INFO     |   Cleaned sim_db_checkpoint.json
2026-04-20 21:13:40,385 | INFO     | Step 9: Build benchmarks parquet
2026-04-20 21:13:41,542 | INFO     |   SPY: 5,030 rows
2026-04-20 21:13:43,508 | INFO     |   QQQ: 5,030 rows
2026-04-20 21:13:45,305 | INFO     |   ^VIX: 5,030 rows
2026-04-20 21:13:45,377 | INFO     |   benchmarks: benchmarks.parquet | 5,030 rows | 0.00 MB | 2006-04-21 -> 2026-04-20
2026-04-20 21:13:45,380 | INFO     | Done!
